CAM-84 lucide chrome icons — verifier run 2026-08-09

Branch: orch/game-polish/cam-84-lucide @ fce92e3
PR: https://github.com/evanbrierton/cambio/pull/169 (draft, base=main)

## Setup
pnpm install → lucide-react 1.30.0 installed

## Automated CI
pnpm lint → pass (71 files, biome + tailwind-lint)
pnpm typecheck → pass (tsc --noEmit)
pnpm test → pass (4 files, 39 tests)

## Static audit
lucide-react in package.json: ^1.30.0
lucide imports limited to GameTable.tsx (17 named) + ThemePicker.tsx (Sun/Moon/Monitor)
No wildcard lucide imports

Preserved (no lucide):
- PixelCard suitGlyph: ♥ ♦ ♣ ♠ ★
- PixelCard flash overlays: ↔ ◎ !
- GameTable flash notice strings: ↔ ◎ !
- LobbyPlayers empty seat: ···

## Live UI (http://localhost:3000, 390px viewport)
- Header chrome: Copy, LogOut, MoreHorizontal render as SVG lucide icons
- Settings sheet: opens via MoreHorizontal; X close works; toggle row shows Volume2/Lightbulb/LayoutGrid/etc.
- Icon computed color: rgb(58, 29, 95) on Retro Arcade theme (currentColor inheritance)
- Solo game started (PIXEL vs bots): Q♥ visible as unicode text on drawn card, not lucide SVG

Screenshots: /tmp/computer-use/1a538.webp (settings sheet), solo game card view captured by computerUse agent
